// Jest Snapshot v1, https://goo.gl/fbAQLP

exports[`server GET /quote gets the rates 1`] = `
{
  "egress_amount": "0.005",
  "id": Any<String>,
  "intermediate_amount": "1000000000",
}
`;
