// Jest Snapshot v1, https://goo.gl/fbAQLP

exports[`swapEgressScheduled updates an existing swap with the scheduled timestamp 1`] = `
{
  "createdAt": Any<Date>,
  "depositAmount": "10000000000",
  "depositReceivedAt": 2022-12-06T14:31:33.000Z,
  "egress": {
    "amount": "1234567890",
    "network": "Ethereum",
    "timestamp": 2022-12-06T14:31:45.000Z,
  },
  "egressCompletedAt": null,
  "id": Any<BigInt>,
  "nativeId": 9876545n,
  "swapDepositChannelId": Any<BigInt>,
  "swapExecutedAt": 2022-12-06T14:31:39.000Z,
  "updatedAt": Any<Date>,
}
`;
