// Jest Snapshot v1, https://goo.gl/fbAQLP

exports[`swapScheduledByDeposit stores a new swap 1`] = `
{
  "createdAt": Any<Date>,
  "depositAmount": "222222222222222222",
  "depositReceivedAt": 2022-12-06T14:31:33.000Z,
  "depositReceivedBlockIndex": "10-0",
  "egressCompletedAt": null,
  "egressCompletedBlockIndex": null,
  "id": Any<BigInt>,
  "nativeId": 9876545n,
  "swapDepositChannelId": Any<BigInt>,
  "swapExecutedAt": null,
  "swapExecutedBlockIndex": null,
  "updatedAt": Any<Date>,
}
`;
